Output:segnellahC-era-tahw-ekam-efil-gnitseretni-dna-gnimocrevo-meht-si-tahw-sekam-efil-.lufgninaem