Output:tI-si-drah-ot-,liaf-tub-ti-si-esrow-reven-ot-evah-deirt-ot-.deeccus