Output:sseccuS-si-woh-hgih-uoy-ecnuob-nehw-uoy-tih-.mottob