Output:fI-uoy-t’nod-ngised-ruoy-nwo-efil-,nalp-secnahc-era-ll’uoy-llaf-otni-enoemos-s’esle-.nalp-dnA-sseug-tahw-yeht-evah-dennalp-rof-?uoy-toN-.hcum