Output:esohT-ohw-erad-ot-liaf-ylbaresim-nac-eveihca-.yltaerg