Output:nehW-eno-rood-fo-ssenippah-,sesolc-rehtona-;snepo-tub-netfo-ew-kool-os-gnol-ta-eht-desolc-rood-taht-ew-od-ton-ees-eht-eno-hcihw-sah-neeb-denepo-rof-.su