Output:ehT-.oN-1-nosaer-elpoep-liaf-ni-efil-si-esuaceb-yeht-netsil-ot-rieht-,sdneirf-,ylimaf-dna-.srobhgien